00:00.454  blend            | Read blend: "/home/cacawatin/code/blender/chupacabras/scenes/09_chupacabras_acabado.blend"
00:00.465  blend            | Read blend: "/home/cacawatin/code/blender/chupacabras/scenes/09_chupacabras_demacrado_r02.blend"
00:00.821  render           | Saved: '/home/cacawatin/code/blender/chupacabras/previews/09_chupacabras_demacrado_r02_giro_frames/0000.png'
00:00.947  render           | Saved: '/home/cacawatin/code/blender/chupacabras/previews/09_chupacabras_demacrado_r02_giro_frames/0001.png'
00:01.061  render           | Saved: '/home/cacawatin/code/blender/chupacabras/previews/09_chupacabras_demacrado_r02_giro_frames/0002.png'
00:01.181  render           | Saved: '/home/cacawatin/code/blender/chupacabras/previews/09_chupacabras_demacrado_r02_giro_frames/0003.png'
00:01.311  render           | Saved: '/home/cacawatin/code/blender/chupacabras/previews/09_chupacabras_demacrado_r02_giro_frames/0004.png'
00:01.431  render           | Saved: '/home/cacawatin/code/blender/chupacabras/previews/09_chupacabras_demacrado_r02_giro_frames/0005.png'
00:01.549  render           | Saved: '/home/cacawatin/code/blender/chupacabras/previews/09_chupacabras_demacrado_r02_giro_frames/0006.png'
00:01.665  render           | Saved: '/home/cacawatin/code/blender/chupacabras/previews/09_chupacabras_demacrado_r02_giro_frames/0007.png'
00:01.784  render           | Saved: '/home/cacawatin/code/blender/chupacabras/previews/09_chupacabras_demacrado_r02_giro_frames/0008.png'
00:01.901  render           | Saved: '/home/cacawatin/code/blender/chupacabras/previews/09_chupacabras_demacrado_r02_giro_frames/0009.png'
00:02.018  render           | Saved: '/home/cacawatin/code/blender/chupacabras/previews/09_chupacabras_demacrado_r02_giro_frames/0010.png'
00:02.138  render           | Saved: '/home/cacawatin/code/blender/chupacabras/previews/09_chupacabras_demacrado_r02_giro_frames/0011.png'
00:02.264  render           | Saved: '/home/cacawatin/code/blender/chupacabras/previews/09_chupacabras_demacrado_r02_giro_frames/0012.png'
00:02.387  render           | Saved: '/home/cacawatin/code/blender/chupacabras/previews/09_chupacabras_demacrado_r02_giro_frames/0013.png'
00:02.505  render           | Saved: '/home/cacawatin/code/blender/chupacabras/previews/09_chupacabras_demacrado_r02_giro_frames/0014.png'
00:02.625  render           | Saved: '/home/cacawatin/code/blender/chupacabras/previews/09_chupacabras_demacrado_r02_giro_frames/0015.png'
00:02.742  render           | Saved: '/home/cacawatin/code/blender/chupacabras/previews/09_chupacabras_demacrado_r02_giro_frames/0016.png'
00:02.857  render           | Saved: '/home/cacawatin/code/blender/chupacabras/previews/09_chupacabras_demacrado_r02_giro_frames/0017.png'
00:02.977  render           | Saved: '/home/cacawatin/code/blender/chupacabras/previews/09_chupacabras_demacrado_r02_giro_frames/0018.png'
00:03.095  render           | Saved: '/home/cacawatin/code/blender/chupacabras/previews/09_chupacabras_demacrado_r02_giro_frames/0019.png'
00:03.219  render           | Saved: '/home/cacawatin/code/blender/chupacabras/previews/09_chupacabras_demacrado_r02_giro_frames/0020.png'
00:03.348  render           | Saved: '/home/cacawatin/code/blender/chupacabras/previews/09_chupacabras_demacrado_r02_giro_frames/0021.png'
00:03.461  render           | Saved: '/home/cacawatin/code/blender/chupacabras/previews/09_chupacabras_demacrado_r02_giro_frames/0022.png'
00:03.578  render           | Saved: '/home/cacawatin/code/blender/chupacabras/previews/09_chupacabras_demacrado_r02_giro_frames/0023.png'
00:03.700  render           | Saved: '/home/cacawatin/code/blender/chupacabras/previews/09_chupacabras_demacrado_r02_giro_frames/0024.png'
00:03.823  render           | Saved: '/home/cacawatin/code/blender/chupacabras/previews/09_chupacabras_demacrado_r02_giro_frames/0025.png'
00:03.947  render           | Saved: '/home/cacawatin/code/blender/chupacabras/previews/09_chupacabras_demacrado_r02_giro_frames/0026.png'
00:04.068  render           | Saved: '/home/cacawatin/code/blender/chupacabras/previews/09_chupacabras_demacrado_r02_giro_frames/0027.png'
00:04.191  render           | Saved: '/home/cacawatin/code/blender/chupacabras/previews/09_chupacabras_demacrado_r02_giro_frames/0028.png'
00:04.325  render           | Saved: '/home/cacawatin/code/blender/chupacabras/previews/09_chupacabras_demacrado_r02_giro_frames/0029.png'
00:04.443  render           | Saved: '/home/cacawatin/code/blender/chupacabras/previews/09_chupacabras_demacrado_r02_giro_frames/0030.png'
00:04.567  render           | Saved: '/home/cacawatin/code/blender/chupacabras/previews/09_chupacabras_demacrado_r02_giro_frames/0031.png'
00:04.686  render           | Saved: '/home/cacawatin/code/blender/chupacabras/previews/09_chupacabras_demacrado_r02_giro_frames/0032.png'
00:04.802  render           | Saved: '/home/cacawatin/code/blender/chupacabras/previews/09_chupacabras_demacrado_r02_giro_frames/0033.png'
00:04.918  render           | Saved: '/home/cacawatin/code/blender/chupacabras/previews/09_chupacabras_demacrado_r02_giro_frames/0034.png'
00:05.033  render           | Saved: '/home/cacawatin/code/blender/chupacabras/previews/09_chupacabras_demacrado_r02_giro_frames/0035.png'
00:05.149  render           | Saved: '/home/cacawatin/code/blender/chupacabras/previews/09_chupacabras_demacrado_r02_giro_frames/0036.png'
00:05.283  render           | Saved: '/home/cacawatin/code/blender/chupacabras/previews/09_chupacabras_demacrado_r02_giro_frames/0037.png'
00:05.407  render           | Saved: '/home/cacawatin/code/blender/chupacabras/previews/09_chupacabras_demacrado_r02_giro_frames/0038.png'
00:05.523  render           | Saved: '/home/cacawatin/code/blender/chupacabras/previews/09_chupacabras_demacrado_r02_giro_frames/0039.png'
00:05.644  render           | Saved: '/home/cacawatin/code/blender/chupacabras/previews/09_chupacabras_demacrado_r02_giro_frames/0040.png'
00:05.763  render           | Saved: '/home/cacawatin/code/blender/chupacabras/previews/09_chupacabras_demacrado_r02_giro_frames/0041.png'
00:05.882  render           | Saved: '/home/cacawatin/code/blender/chupacabras/previews/09_chupacabras_demacrado_r02_giro_frames/0042.png'
00:06.003  render           | Saved: '/home/cacawatin/code/blender/chupacabras/previews/09_chupacabras_demacrado_r02_giro_frames/0043.png'
00:06.125  render           | Saved: '/home/cacawatin/code/blender/chupacabras/previews/09_chupacabras_demacrado_r02_giro_frames/0044.png'
00:06.246  render           | Saved: '/home/cacawatin/code/blender/chupacabras/previews/09_chupacabras_demacrado_r02_giro_frames/0045.png'
00:06.369  render           | Saved: '/home/cacawatin/code/blender/chupacabras/previews/09_chupacabras_demacrado_r02_giro_frames/0046.png'
00:06.488  render           | Saved: '/home/cacawatin/code/blender/chupacabras/previews/09_chupacabras_demacrado_r02_giro_frames/0047.png'
00:06.602  render           | Saved: '/home/cacawatin/code/blender/chupacabras/previews/09_chupacabras_demacrado_r02_giro_frames/0048.png'
00:06.716  render           | Saved: '/home/cacawatin/code/blender/chupacabras/previews/09_chupacabras_demacrado_r02_giro_frames/0049.png'
00:06.833  render           | Saved: '/home/cacawatin/code/blender/chupacabras/previews/09_chupacabras_demacrado_r02_giro_frames/0050.png'
00:06.950  render           | Saved: '/home/cacawatin/code/blender/chupacabras/previews/09_chupacabras_demacrado_r02_giro_frames/0051.png'
00:07.068  render           | Saved: '/home/cacawatin/code/blender/chupacabras/previews/09_chupacabras_demacrado_r02_giro_frames/0052.png'
00:07.187  render           | Saved: '/home/cacawatin/code/blender/chupacabras/previews/09_chupacabras_demacrado_r02_giro_frames/0053.png'
00:07.306  render           | Saved: '/home/cacawatin/code/blender/chupacabras/previews/09_chupacabras_demacrado_r02_giro_frames/0054.png'
00:07.419  render           | Saved: '/home/cacawatin/code/blender/chupacabras/previews/09_chupacabras_demacrado_r02_giro_frames/0055.png'
00:07.539  render           | Saved: '/home/cacawatin/code/blender/chupacabras/previews/09_chupacabras_demacrado_r02_giro_frames/0056.png'
00:07.657  render           | Saved: '/home/cacawatin/code/blender/chupacabras/previews/09_chupacabras_demacrado_r02_giro_frames/0057.png'
00:07.766  render           | Saved: '/home/cacawatin/code/blender/chupacabras/previews/09_chupacabras_demacrado_r02_giro_frames/0058.png'
00:07.883  render           | Saved: '/home/cacawatin/code/blender/chupacabras/previews/09_chupacabras_demacrado_r02_giro_frames/0059.png'
00:07.999  render           | Saved: '/home/cacawatin/code/blender/chupacabras/previews/09_chupacabras_demacrado_r02_giro_frames/0060.png'
00:08.117  render           | Saved: '/home/cacawatin/code/blender/chupacabras/previews/09_chupacabras_demacrado_r02_giro_frames/0061.png'
00:08.244  render           | Saved: '/home/cacawatin/code/blender/chupacabras/previews/09_chupacabras_demacrado_r02_giro_frames/0062.png'
00:08.368  render           | Saved: '/home/cacawatin/code/blender/chupacabras/previews/09_chupacabras_demacrado_r02_giro_frames/0063.png'
00:08.485  render           | Saved: '/home/cacawatin/code/blender/chupacabras/previews/09_chupacabras_demacrado_r02_giro_frames/0064.png'
00:08.602  render           | Saved: '/home/cacawatin/code/blender/chupacabras/previews/09_chupacabras_demacrado_r02_giro_frames/0065.png'
00:08.716  render           | Saved: '/home/cacawatin/code/blender/chupacabras/previews/09_chupacabras_demacrado_r02_giro_frames/0066.png'
00:08.832  render           | Saved: '/home/cacawatin/code/blender/chupacabras/previews/09_chupacabras_demacrado_r02_giro_frames/0067.png'
00:08.955  render           | Saved: '/home/cacawatin/code/blender/chupacabras/previews/09_chupacabras_demacrado_r02_giro_frames/0068.png'
00:09.078  render           | Saved: '/home/cacawatin/code/blender/chupacabras/previews/09_chupacabras_demacrado_r02_giro_frames/0069.png'
00:09.204  render           | Saved: '/home/cacawatin/code/blender/chupacabras/previews/09_chupacabras_demacrado_r02_giro_frames/0070.png'
00:09.334  render           | Saved: '/home/cacawatin/code/blender/chupacabras/previews/09_chupacabras_demacrado_r02_giro_frames/0071.png'
00:09.453  render           | Saved: '/home/cacawatin/code/blender/chupacabras/previews/09_chupacabras_demacrado_r02_giro_frames/0072.png'
00:09.574  render           | Saved: '/home/cacawatin/code/blender/chupacabras/previews/09_chupacabras_demacrado_r02_giro_frames/0073.png'
00:09.695  render           | Saved: '/home/cacawatin/code/blender/chupacabras/previews/09_chupacabras_demacrado_r02_giro_frames/0074.png'
00:09.814  render           | Saved: '/home/cacawatin/code/blender/chupacabras/previews/09_chupacabras_demacrado_r02_giro_frames/0075.png'
00:09.934  render           | Saved: '/home/cacawatin/code/blender/chupacabras/previews/09_chupacabras_demacrado_r02_giro_frames/0076.png'
00:10.054  render           | Saved: '/home/cacawatin/code/blender/chupacabras/previews/09_chupacabras_demacrado_r02_giro_frames/0077.png'
00:10.177  render           | Saved: '/home/cacawatin/code/blender/chupacabras/previews/09_chupacabras_demacrado_r02_giro_frames/0078.png'
00:10.309  render           | Saved: '/home/cacawatin/code/blender/chupacabras/previews/09_chupacabras_demacrado_r02_giro_frames/0079.png'
00:10.428  render           | Saved: '/home/cacawatin/code/blender/chupacabras/previews/09_chupacabras_demacrado_r02_giro_frames/0080.png'
00:10.548  render           | Saved: '/home/cacawatin/code/blender/chupacabras/previews/09_chupacabras_demacrado_r02_giro_frames/0081.png'
00:10.669  render           | Saved: '/home/cacawatin/code/blender/chupacabras/previews/09_chupacabras_demacrado_r02_giro_frames/0082.png'
00:10.787  render           | Saved: '/home/cacawatin/code/blender/chupacabras/previews/09_chupacabras_demacrado_r02_giro_frames/0083.png'
00:10.904  render           | Saved: '/home/cacawatin/code/blender/chupacabras/previews/09_chupacabras_demacrado_r02_giro_frames/0084.png'
00:11.025  render           | Saved: '/home/cacawatin/code/blender/chupacabras/previews/09_chupacabras_demacrado_r02_giro_frames/0085.png'
00:11.147  render           | Saved: '/home/cacawatin/code/blender/chupacabras/previews/09_chupacabras_demacrado_r02_giro_frames/0086.png'
00:11.280  render           | Saved: '/home/cacawatin/code/blender/chupacabras/previews/09_chupacabras_demacrado_r02_giro_frames/0087.png'
00:11.413  render           | Saved: '/home/cacawatin/code/blender/chupacabras/previews/09_chupacabras_demacrado_r02_giro_frames/0088.png'
00:11.531  render           | Saved: '/home/cacawatin/code/blender/chupacabras/previews/09_chupacabras_demacrado_r02_giro_frames/0089.png'
00:11.649  render           | Saved: '/home/cacawatin/code/blender/chupacabras/previews/09_chupacabras_demacrado_r02_giro_frames/0090.png'
00:11.768  render           | Saved: '/home/cacawatin/code/blender/chupacabras/previews/09_chupacabras_demacrado_r02_giro_frames/0091.png'
00:11.885  render           | Saved: '/home/cacawatin/code/blender/chupacabras/previews/09_chupacabras_demacrado_r02_giro_frames/0092.png'
00:12.005  render           | Saved: '/home/cacawatin/code/blender/chupacabras/previews/09_chupacabras_demacrado_r02_giro_frames/0093.png'
00:12.131  render           | Saved: '/home/cacawatin/code/blender/chupacabras/previews/09_chupacabras_demacrado_r02_giro_frames/0094.png'
00:12.258  render           | Saved: '/home/cacawatin/code/blender/chupacabras/previews/09_chupacabras_demacrado_r02_giro_frames/0095.png'
00:12.381  render           | Saved: '/home/cacawatin/code/blender/chupacabras/previews/09_chupacabras_demacrado_r02_giro_frames/0096.png'
00:12.499  render           | Saved: '/home/cacawatin/code/blender/chupacabras/previews/09_chupacabras_demacrado_r02_giro_frames/0097.png'
00:12.617  render           | Saved: '/home/cacawatin/code/blender/chupacabras/previews/09_chupacabras_demacrado_r02_giro_frames/0098.png'
00:12.732  render           | Saved: '/home/cacawatin/code/blender/chupacabras/previews/09_chupacabras_demacrado_r02_giro_frames/0099.png'
00:12.851  render           | Saved: '/home/cacawatin/code/blender/chupacabras/previews/09_chupacabras_demacrado_r02_giro_frames/0100.png'
00:12.965  render           | Saved: '/home/cacawatin/code/blender/chupacabras/previews/09_chupacabras_demacrado_r02_giro_frames/0101.png'
00:13.084  render           | Saved: '/home/cacawatin/code/blender/chupacabras/previews/09_chupacabras_demacrado_r02_giro_frames/0102.png'
00:13.206  render           | Saved: '/home/cacawatin/code/blender/chupacabras/previews/09_chupacabras_demacrado_r02_giro_frames/0103.png'
00:13.332  render           | Saved: '/home/cacawatin/code/blender/chupacabras/previews/09_chupacabras_demacrado_r02_giro_frames/0104.png'
00:13.449  render           | Saved: '/home/cacawatin/code/blender/chupacabras/previews/09_chupacabras_demacrado_r02_giro_frames/0105.png'
00:13.561  render           | Saved: '/home/cacawatin/code/blender/chupacabras/previews/09_chupacabras_demacrado_r02_giro_frames/0106.png'
00:13.678  render           | Saved: '/home/cacawatin/code/blender/chupacabras/previews/09_chupacabras_demacrado_r02_giro_frames/0107.png'
00:13.797  render           | Saved: '/home/cacawatin/code/blender/chupacabras/previews/09_chupacabras_demacrado_r02_giro_frames/0108.png'
00:13.914  render           | Saved: '/home/cacawatin/code/blender/chupacabras/previews/09_chupacabras_demacrado_r02_giro_frames/0109.png'
00:14.032  render           | Saved: '/home/cacawatin/code/blender/chupacabras/previews/09_chupacabras_demacrado_r02_giro_frames/0110.png'
00:14.159  render           | Saved: '/home/cacawatin/code/blender/chupacabras/previews/09_chupacabras_demacrado_r02_giro_frames/0111.png'
00:14.297  render           | Saved: '/home/cacawatin/code/blender/chupacabras/previews/09_chupacabras_demacrado_r02_giro_frames/0112.png'
00:14.419  render           | Saved: '/home/cacawatin/code/blender/chupacabras/previews/09_chupacabras_demacrado_r02_giro_frames/0113.png'
00:14.543  render           | Saved: '/home/cacawatin/code/blender/chupacabras/previews/09_chupacabras_demacrado_r02_giro_frames/0114.png'
00:14.671  render           | Saved: '/home/cacawatin/code/blender/chupacabras/previews/09_chupacabras_demacrado_r02_giro_frames/0115.png'
00:14.792  render           | Saved: '/home/cacawatin/code/blender/chupacabras/previews/09_chupacabras_demacrado_r02_giro_frames/0116.png'
00:14.908  render           | Saved: '/home/cacawatin/code/blender/chupacabras/previews/09_chupacabras_demacrado_r02_giro_frames/0117.png'
00:15.026  render           | Saved: '/home/cacawatin/code/blender/chupacabras/previews/09_chupacabras_demacrado_r02_giro_frames/0118.png'
00:15.145  render           | Saved: '/home/cacawatin/code/blender/chupacabras/previews/09_chupacabras_demacrado_r02_giro_frames/0119.png'
LEAN_PREVIEW_OK {"09_chupacabras_acabado": {"body_volume_m3": 2.8396890049040935, "body_vertices": 3647}, "09_chupacabras_demacrado_r02": {"body_volume_m3": 1.2713621096347716, "body_vertices": 13520}, "volume_ratio": 0.44771174147561626, "physical_device": false}
Blender 5.2.2 LTS (hash d13f752e3b9c built 2026-09-22 17:10:25)

Blender quit
