00:01.234  blend            | Read blend: "/home/cacawatin/code/blender/chupacabras/scenes/demo_lowpoly.blend"
00:01.333  blend            | Read blend: "/home/cacawatin/code/blender/chupacabras/scenes/demo_ataque_arrastre.blend"
DEMOS_JSON_BEGIN
{
  "blender": "5.2.2 LTS",
  "escenas": [
    {
      "archivo": "scenes/demo_lowpoly.blend",
      "objetos": 328,
      "camara": "Cámara • composición general",
      "resolucion": [
        1200,
        900
      ],
      "fps": 24.0,
      "rango": [
        1,
        250
      ]
    },
    {
      "archivo": "scenes/demo_ataque_arrastre.blend",
      "objetos": 342,
      "camara": "Cámara • composición general",
      "resolucion": [
        640,
        480
      ],
      "fps": 24.0,
      "rango": [
        1,
        840
      ],
      "duracion_s": 35.0,
      "ataque_s": 15.0,
      "contacto": [
        {
          "fotograma": 433,
          "error_unidades": 0.0
        },
        {
          "fotograma": 481,
          "error_unidades": 1.1920928955078125e-07
        },
        {
          "fotograma": 601,
          "error_unidades": 7.450580596923828e-09
        },
        {
          "fotograma": 721,
          "error_unidades": 2.9802322387695312e-08
        },
        {
          "fotograma": 793,
          "error_unidades": 2.9802322387695312e-08
        },
        {
          "fotograma": 840,
          "error_unidades": 2.9802322387695312e-08
        }
      ]
    }
  ]
}
DEMOS_JSON_END
Blender 5.2.2 LTS (hash d13f752e3b9c built 2026-09-22 17:10:25)

Blender quit
