00:00.477  blend            | Read blend: "/home/cacawatin/code/blender/chupacabras/scenes/11_rigs_contacto_r03.blend"
00:00.929  render           | Saved: '/home/cacawatin/code/blender/chupacabras/previews/11_rigs_contacto_r03_frames/0001.png'
00:01.083  render           | Saved: '/home/cacawatin/code/blender/chupacabras/previews/11_rigs_contacto_r03_frames/0002.png'
00:01.241  render           | Saved: '/home/cacawatin/code/blender/chupacabras/previews/11_rigs_contacto_r03_frames/0003.png'
00:01.382  render           | Saved: '/home/cacawatin/code/blender/chupacabras/previews/11_rigs_contacto_r03_frames/0004.png'
00:01.533  render           | Saved: '/home/cacawatin/code/blender/chupacabras/previews/11_rigs_contacto_r03_frames/0005.png'
00:01.696  render           | Saved: '/home/cacawatin/code/blender/chupacabras/previews/11_rigs_contacto_r03_frames/0006.png'
00:01.840  render           | Saved: '/home/cacawatin/code/blender/chupacabras/previews/11_rigs_contacto_r03_frames/0007.png'
00:01.995  render           | Saved: '/home/cacawatin/code/blender/chupacabras/previews/11_rigs_contacto_r03_frames/0008.png'
00:02.143  render           | Saved: '/home/cacawatin/code/blender/chupacabras/previews/11_rigs_contacto_r03_frames/0009.png'
00:02.284  render           | Saved: '/home/cacawatin/code/blender/chupacabras/previews/11_rigs_contacto_r03_frames/0010.png'
00:02.434  render           | Saved: '/home/cacawatin/code/blender/chupacabras/previews/11_rigs_contacto_r03_frames/0011.png'
00:02.575  render           | Saved: '/home/cacawatin/code/blender/chupacabras/previews/11_rigs_contacto_r03_frames/0012.png'
00:02.729  render           | Saved: '/home/cacawatin/code/blender/chupacabras/previews/11_rigs_contacto_r03_frames/0013.png'
00:02.881  render           | Saved: '/home/cacawatin/code/blender/chupacabras/previews/11_rigs_contacto_r03_frames/0014.png'
00:03.019  render           | Saved: '/home/cacawatin/code/blender/chupacabras/previews/11_rigs_contacto_r03_frames/0015.png'
00:03.169  render           | Saved: '/home/cacawatin/code/blender/chupacabras/previews/11_rigs_contacto_r03_frames/0016.png'
00:03.319  render           | Saved: '/home/cacawatin/code/blender/chupacabras/previews/11_rigs_contacto_r03_frames/0017.png'
00:03.471  render           | Saved: '/home/cacawatin/code/blender/chupacabras/previews/11_rigs_contacto_r03_frames/0018.png'
00:03.635  render           | Saved: '/home/cacawatin/code/blender/chupacabras/previews/11_rigs_contacto_r03_frames/0019.png'
00:03.783  render           | Saved: '/home/cacawatin/code/blender/chupacabras/previews/11_rigs_contacto_r03_frames/0020.png'
00:03.917  render           | Saved: '/home/cacawatin/code/blender/chupacabras/previews/11_rigs_contacto_r03_frames/0021.png'
00:04.072  render           | Saved: '/home/cacawatin/code/blender/chupacabras/previews/11_rigs_contacto_r03_frames/0022.png'
00:04.222  render           | Saved: '/home/cacawatin/code/blender/chupacabras/previews/11_rigs_contacto_r03_frames/0023.png'
00:04.377  render           | Saved: '/home/cacawatin/code/blender/chupacabras/previews/11_rigs_contacto_r03_frames/0024.png'
00:04.523  render           | Saved: '/home/cacawatin/code/blender/chupacabras/previews/11_rigs_contacto_r03_frames/0025.png'
00:04.671  render           | Saved: '/home/cacawatin/code/blender/chupacabras/previews/11_rigs_contacto_r03_frames/0026.png'
00:04.812  render           | Saved: '/home/cacawatin/code/blender/chupacabras/previews/11_rigs_contacto_r03_frames/0027.png'
00:04.957  render           | Saved: '/home/cacawatin/code/blender/chupacabras/previews/11_rigs_contacto_r03_frames/0028.png'
00:05.111  render           | Saved: '/home/cacawatin/code/blender/chupacabras/previews/11_rigs_contacto_r03_frames/0029.png'
00:05.263  render           | Saved: '/home/cacawatin/code/blender/chupacabras/previews/11_rigs_contacto_r03_frames/0030.png'
00:05.456  render           | Saved: '/home/cacawatin/code/blender/chupacabras/previews/11_rigs_contacto_r03_frames/0031.png'
00:05.600  render           | Saved: '/home/cacawatin/code/blender/chupacabras/previews/11_rigs_contacto_r03_frames/0032.png'
00:05.757  render           | Saved: '/home/cacawatin/code/blender/chupacabras/previews/11_rigs_contacto_r03_frames/0033.png'
00:05.913  render           | Saved: '/home/cacawatin/code/blender/chupacabras/previews/11_rigs_contacto_r03_frames/0034.png'
00:06.053  render           | Saved: '/home/cacawatin/code/blender/chupacabras/previews/11_rigs_contacto_r03_frames/0035.png'
00:06.202  render           | Saved: '/home/cacawatin/code/blender/chupacabras/previews/11_rigs_contacto_r03_frames/0036.png'
00:06.341  render           | Saved: '/home/cacawatin/code/blender/chupacabras/previews/11_rigs_contacto_r03_frames/0037.png'
00:06.481  render           | Saved: '/home/cacawatin/code/blender/chupacabras/previews/11_rigs_contacto_r03_frames/0038.png'
00:06.649  render           | Saved: '/home/cacawatin/code/blender/chupacabras/previews/11_rigs_contacto_r03_frames/0039.png'
00:06.780  render           | Saved: '/home/cacawatin/code/blender/chupacabras/previews/11_rigs_contacto_r03_frames/0040.png'
00:06.938  render           | Saved: '/home/cacawatin/code/blender/chupacabras/previews/11_rigs_contacto_r03_frames/0041.png'
00:07.090  render           | Saved: '/home/cacawatin/code/blender/chupacabras/previews/11_rigs_contacto_r03_frames/0042.png'
00:07.233  render           | Saved: '/home/cacawatin/code/blender/chupacabras/previews/11_rigs_contacto_r03_frames/0043.png'
00:07.382  render           | Saved: '/home/cacawatin/code/blender/chupacabras/previews/11_rigs_contacto_r03_frames/0044.png'
00:07.541  render           | Saved: '/home/cacawatin/code/blender/chupacabras/previews/11_rigs_contacto_r03_frames/0045.png'
00:07.689  render           | Saved: '/home/cacawatin/code/blender/chupacabras/previews/11_rigs_contacto_r03_frames/0046.png'
00:07.835  render           | Saved: '/home/cacawatin/code/blender/chupacabras/previews/11_rigs_contacto_r03_frames/0047.png'
00:07.992  render           | Saved: '/home/cacawatin/code/blender/chupacabras/previews/11_rigs_contacto_r03_frames/0048.png'
00:08.134  render           | Saved: '/home/cacawatin/code/blender/chupacabras/previews/11_rigs_contacto_r03_frames/0049.png'
00:08.288  render           | Saved: '/home/cacawatin/code/blender/chupacabras/previews/11_rigs_contacto_r03_frames/0050.png'
00:08.436  render           | Saved: '/home/cacawatin/code/blender/chupacabras/previews/11_rigs_contacto_r03_frames/0051.png'
00:08.599  render           | Saved: '/home/cacawatin/code/blender/chupacabras/previews/11_rigs_contacto_r03_frames/0052.png'
00:08.747  render           | Saved: '/home/cacawatin/code/blender/chupacabras/previews/11_rigs_contacto_r03_frames/0053.png'
00:08.877  render           | Saved: '/home/cacawatin/code/blender/chupacabras/previews/11_rigs_contacto_r03_frames/0054.png'
00:09.033  render           | Saved: '/home/cacawatin/code/blender/chupacabras/previews/11_rigs_contacto_r03_frames/0055.png'
00:09.167  render           | Saved: '/home/cacawatin/code/blender/chupacabras/previews/11_rigs_contacto_r03_frames/0056.png'
00:09.324  render           | Saved: '/home/cacawatin/code/blender/chupacabras/previews/11_rigs_contacto_r03_frames/0057.png'
00:09.476  render           | Saved: '/home/cacawatin/code/blender/chupacabras/previews/11_rigs_contacto_r03_frames/0058.png'
00:09.628  render           | Saved: '/home/cacawatin/code/blender/chupacabras/previews/11_rigs_contacto_r03_frames/0059.png'
00:09.779  render           | Saved: '/home/cacawatin/code/blender/chupacabras/previews/11_rigs_contacto_r03_frames/0060.png'
00:09.921  render           | Saved: '/home/cacawatin/code/blender/chupacabras/previews/11_rigs_contacto_r03_frames/0061.png'
00:10.060  render           | Saved: '/home/cacawatin/code/blender/chupacabras/previews/11_rigs_contacto_r03_frames/0062.png'
00:10.197  render           | Saved: '/home/cacawatin/code/blender/chupacabras/previews/11_rigs_contacto_r03_frames/0063.png'
00:10.347  render           | Saved: '/home/cacawatin/code/blender/chupacabras/previews/11_rigs_contacto_r03_frames/0064.png'
00:10.470  render           | Saved: '/home/cacawatin/code/blender/chupacabras/previews/11_rigs_contacto_r03_frames/0065.png'
00:10.610  render           | Saved: '/home/cacawatin/code/blender/chupacabras/previews/11_rigs_contacto_r03_frames/0066.png'
00:10.762  render           | Saved: '/home/cacawatin/code/blender/chupacabras/previews/11_rigs_contacto_r03_frames/0067.png'
00:10.889  render           | Saved: '/home/cacawatin/code/blender/chupacabras/previews/11_rigs_contacto_r03_frames/0068.png'
00:11.040  render           | Saved: '/home/cacawatin/code/blender/chupacabras/previews/11_rigs_contacto_r03_frames/0069.png'
00:11.192  render           | Saved: '/home/cacawatin/code/blender/chupacabras/previews/11_rigs_contacto_r03_frames/0070.png'
00:11.349  render           | Saved: '/home/cacawatin/code/blender/chupacabras/previews/11_rigs_contacto_r03_frames/0071.png'
00:11.483  render           | Saved: '/home/cacawatin/code/blender/chupacabras/previews/11_rigs_contacto_r03_frames/0072.png'
00:11.636  render           | Saved: '/home/cacawatin/code/blender/chupacabras/previews/11_rigs_contacto_r03_frames/0073.png'
00:11.778  render           | Saved: '/home/cacawatin/code/blender/chupacabras/previews/11_rigs_contacto_r03_frames/0074.png'
00:11.932  render           | Saved: '/home/cacawatin/code/blender/chupacabras/previews/11_rigs_contacto_r03_frames/0075.png'
00:12.073  render           | Saved: '/home/cacawatin/code/blender/chupacabras/previews/11_rigs_contacto_r03_frames/0076.png'
00:12.223  render           | Saved: '/home/cacawatin/code/blender/chupacabras/previews/11_rigs_contacto_r03_frames/0077.png'
00:12.370  render           | Saved: '/home/cacawatin/code/blender/chupacabras/previews/11_rigs_contacto_r03_frames/0078.png'
00:12.503  render           | Saved: '/home/cacawatin/code/blender/chupacabras/previews/11_rigs_contacto_r03_frames/0079.png'
00:12.652  render           | Saved: '/home/cacawatin/code/blender/chupacabras/previews/11_rigs_contacto_r03_frames/0080.png'
00:12.790  render           | Saved: '/home/cacawatin/code/blender/chupacabras/previews/11_rigs_contacto_r03_frames/0081.png'
00:12.949  render           | Saved: '/home/cacawatin/code/blender/chupacabras/previews/11_rigs_contacto_r03_frames/0082.png'
00:13.086  render           | Saved: '/home/cacawatin/code/blender/chupacabras/previews/11_rigs_contacto_r03_frames/0083.png'
00:13.233  render           | Saved: '/home/cacawatin/code/blender/chupacabras/previews/11_rigs_contacto_r03_frames/0084.png'
00:13.379  render           | Saved: '/home/cacawatin/code/blender/chupacabras/previews/11_rigs_contacto_r03_frames/0085.png'
00:13.513  render           | Saved: '/home/cacawatin/code/blender/chupacabras/previews/11_rigs_contacto_r03_frames/0086.png'
00:13.662  render           | Saved: '/home/cacawatin/code/blender/chupacabras/previews/11_rigs_contacto_r03_frames/0087.png'
00:13.813  render           | Saved: '/home/cacawatin/code/blender/chupacabras/previews/11_rigs_contacto_r03_frames/0088.png'
00:13.960  render           | Saved: '/home/cacawatin/code/blender/chupacabras/previews/11_rigs_contacto_r03_frames/0089.png'
00:14.113  render           | Saved: '/home/cacawatin/code/blender/chupacabras/previews/11_rigs_contacto_r03_frames/0090.png'
RIG_PREVIEW_FRAMES 90
Blender 5.2.2 LTS (hash d13f752e3b9c built 2026-09-22 17:10:25)

Blender quit
