00:00.409  blend            | Read blend: "/home/cacawatin/code/blender/chupacabras/scenes/11_rigs_contacto.blend"
00:00.925  render           | Saved: '/home/cacawatin/code/blender/chupacabras/previews/11_rigs_contacto_frames/0001.png'
00:01.081  render           | Saved: '/home/cacawatin/code/blender/chupacabras/previews/11_rigs_contacto_frames/0002.png'
00:01.226  render           | Saved: '/home/cacawatin/code/blender/chupacabras/previews/11_rigs_contacto_frames/0003.png'
00:01.379  render           | Saved: '/home/cacawatin/code/blender/chupacabras/previews/11_rigs_contacto_frames/0004.png'
00:01.523  render           | Saved: '/home/cacawatin/code/blender/chupacabras/previews/11_rigs_contacto_frames/0005.png'
00:01.664  render           | Saved: '/home/cacawatin/code/blender/chupacabras/previews/11_rigs_contacto_frames/0006.png'
00:01.822  render           | Saved: '/home/cacawatin/code/blender/chupacabras/previews/11_rigs_contacto_frames/0007.png'
00:01.964  render           | Saved: '/home/cacawatin/code/blender/chupacabras/previews/11_rigs_contacto_frames/0008.png'
00:02.103  render           | Saved: '/home/cacawatin/code/blender/chupacabras/previews/11_rigs_contacto_frames/0009.png'
00:02.261  render           | Saved: '/home/cacawatin/code/blender/chupacabras/previews/11_rigs_contacto_frames/0010.png'
00:02.421  render           | Saved: '/home/cacawatin/code/blender/chupacabras/previews/11_rigs_contacto_frames/0011.png'
00:02.558  render           | Saved: '/home/cacawatin/code/blender/chupacabras/previews/11_rigs_contacto_frames/0012.png'
00:02.697  render           | Saved: '/home/cacawatin/code/blender/chupacabras/previews/11_rigs_contacto_frames/0013.png'
00:02.846  render           | Saved: '/home/cacawatin/code/blender/chupacabras/previews/11_rigs_contacto_frames/0014.png'
00:02.982  render           | Saved: '/home/cacawatin/code/blender/chupacabras/previews/11_rigs_contacto_frames/0015.png'
00:03.118  render           | Saved: '/home/cacawatin/code/blender/chupacabras/previews/11_rigs_contacto_frames/0016.png'
00:03.264  render           | Saved: '/home/cacawatin/code/blender/chupacabras/previews/11_rigs_contacto_frames/0017.png'
00:03.422  render           | Saved: '/home/cacawatin/code/blender/chupacabras/previews/11_rigs_contacto_frames/0018.png'
00:03.572  render           | Saved: '/home/cacawatin/code/blender/chupacabras/previews/11_rigs_contacto_frames/0019.png'
00:03.732  render           | Saved: '/home/cacawatin/code/blender/chupacabras/previews/11_rigs_contacto_frames/0020.png'
00:03.899  render           | Saved: '/home/cacawatin/code/blender/chupacabras/previews/11_rigs_contacto_frames/0021.png'
00:04.057  render           | Saved: '/home/cacawatin/code/blender/chupacabras/previews/11_rigs_contacto_frames/0022.png'
00:04.219  render           | Saved: '/home/cacawatin/code/blender/chupacabras/previews/11_rigs_contacto_frames/0023.png'
00:04.365  render           | Saved: '/home/cacawatin/code/blender/chupacabras/previews/11_rigs_contacto_frames/0024.png'
00:04.502  render           | Saved: '/home/cacawatin/code/blender/chupacabras/previews/11_rigs_contacto_frames/0025.png'
00:04.639  render           | Saved: '/home/cacawatin/code/blender/chupacabras/previews/11_rigs_contacto_frames/0026.png'
00:04.791  render           | Saved: '/home/cacawatin/code/blender/chupacabras/previews/11_rigs_contacto_frames/0027.png'
00:04.931  render           | Saved: '/home/cacawatin/code/blender/chupacabras/previews/11_rigs_contacto_frames/0028.png'
00:05.083  render           | Saved: '/home/cacawatin/code/blender/chupacabras/previews/11_rigs_contacto_frames/0029.png'
00:05.245  render           | Saved: '/home/cacawatin/code/blender/chupacabras/previews/11_rigs_contacto_frames/0030.png'
00:05.414  render           | Saved: '/home/cacawatin/code/blender/chupacabras/previews/11_rigs_contacto_frames/0031.png'
00:05.556  render           | Saved: '/home/cacawatin/code/blender/chupacabras/previews/11_rigs_contacto_frames/0032.png'
00:05.713  render           | Saved: '/home/cacawatin/code/blender/chupacabras/previews/11_rigs_contacto_frames/0033.png'
00:05.840  render           | Saved: '/home/cacawatin/code/blender/chupacabras/previews/11_rigs_contacto_frames/0034.png'
00:05.996  render           | Saved: '/home/cacawatin/code/blender/chupacabras/previews/11_rigs_contacto_frames/0035.png'
00:06.141  render           | Saved: '/home/cacawatin/code/blender/chupacabras/previews/11_rigs_contacto_frames/0036.png'
00:06.289  render           | Saved: '/home/cacawatin/code/blender/chupacabras/previews/11_rigs_contacto_frames/0037.png'
00:06.462  render           | Saved: '/home/cacawatin/code/blender/chupacabras/previews/11_rigs_contacto_frames/0038.png'
00:06.602  render           | Saved: '/home/cacawatin/code/blender/chupacabras/previews/11_rigs_contacto_frames/0039.png'
00:06.711  render           | Saved: '/home/cacawatin/code/blender/chupacabras/previews/11_rigs_contacto_frames/0040.png'
00:06.827  render           | Saved: '/home/cacawatin/code/blender/chupacabras/previews/11_rigs_contacto_frames/0041.png'
00:06.966  render           | Saved: '/home/cacawatin/code/blender/chupacabras/previews/11_rigs_contacto_frames/0042.png'
00:07.115  render           | Saved: '/home/cacawatin/code/blender/chupacabras/previews/11_rigs_contacto_frames/0043.png'
00:07.280  render           | Saved: '/home/cacawatin/code/blender/chupacabras/previews/11_rigs_contacto_frames/0044.png'
00:07.443  render           | Saved: '/home/cacawatin/code/blender/chupacabras/previews/11_rigs_contacto_frames/0045.png'
00:07.589  render           | Saved: '/home/cacawatin/code/blender/chupacabras/previews/11_rigs_contacto_frames/0046.png'
00:07.741  render           | Saved: '/home/cacawatin/code/blender/chupacabras/previews/11_rigs_contacto_frames/0047.png'
00:07.899  render           | Saved: '/home/cacawatin/code/blender/chupacabras/previews/11_rigs_contacto_frames/0048.png'
00:08.050  render           | Saved: '/home/cacawatin/code/blender/chupacabras/previews/11_rigs_contacto_frames/0049.png'
00:08.194  render           | Saved: '/home/cacawatin/code/blender/chupacabras/previews/11_rigs_contacto_frames/0050.png'
00:08.353  render           | Saved: '/home/cacawatin/code/blender/chupacabras/previews/11_rigs_contacto_frames/0051.png'
00:08.493  render           | Saved: '/home/cacawatin/code/blender/chupacabras/previews/11_rigs_contacto_frames/0052.png'
00:08.633  render           | Saved: '/home/cacawatin/code/blender/chupacabras/previews/11_rigs_contacto_frames/0053.png'
00:08.787  render           | Saved: '/home/cacawatin/code/blender/chupacabras/previews/11_rigs_contacto_frames/0054.png'
00:08.943  render           | Saved: '/home/cacawatin/code/blender/chupacabras/previews/11_rigs_contacto_frames/0055.png'
00:09.097  render           | Saved: '/home/cacawatin/code/blender/chupacabras/previews/11_rigs_contacto_frames/0056.png'
00:09.243  render           | Saved: '/home/cacawatin/code/blender/chupacabras/previews/11_rigs_contacto_frames/0057.png'
00:09.394  render           | Saved: '/home/cacawatin/code/blender/chupacabras/previews/11_rigs_contacto_frames/0058.png'
00:09.540  render           | Saved: '/home/cacawatin/code/blender/chupacabras/previews/11_rigs_contacto_frames/0059.png'
00:09.692  render           | Saved: '/home/cacawatin/code/blender/chupacabras/previews/11_rigs_contacto_frames/0060.png'
00:09.834  render           | Saved: '/home/cacawatin/code/blender/chupacabras/previews/11_rigs_contacto_frames/0061.png'
00:09.977  render           | Saved: '/home/cacawatin/code/blender/chupacabras/previews/11_rigs_contacto_frames/0062.png'
00:10.115  render           | Saved: '/home/cacawatin/code/blender/chupacabras/previews/11_rigs_contacto_frames/0063.png'
00:10.274  render           | Saved: '/home/cacawatin/code/blender/chupacabras/previews/11_rigs_contacto_frames/0064.png'
00:10.424  render           | Saved: '/home/cacawatin/code/blender/chupacabras/previews/11_rigs_contacto_frames/0065.png'
00:10.570  render           | Saved: '/home/cacawatin/code/blender/chupacabras/previews/11_rigs_contacto_frames/0066.png'
00:10.712  render           | Saved: '/home/cacawatin/code/blender/chupacabras/previews/11_rigs_contacto_frames/0067.png'
00:10.862  render           | Saved: '/home/cacawatin/code/blender/chupacabras/previews/11_rigs_contacto_frames/0068.png'
00:11.016  render           | Saved: '/home/cacawatin/code/blender/chupacabras/previews/11_rigs_contacto_frames/0069.png'
00:11.168  render           | Saved: '/home/cacawatin/code/blender/chupacabras/previews/11_rigs_contacto_frames/0070.png'
00:11.334  render           | Saved: '/home/cacawatin/code/blender/chupacabras/previews/11_rigs_contacto_frames/0071.png'
00:11.481  render           | Saved: '/home/cacawatin/code/blender/chupacabras/previews/11_rigs_contacto_frames/0072.png'
00:11.630  render           | Saved: '/home/cacawatin/code/blender/chupacabras/previews/11_rigs_contacto_frames/0073.png'
00:11.779  render           | Saved: '/home/cacawatin/code/blender/chupacabras/previews/11_rigs_contacto_frames/0074.png'
00:11.925  render           | Saved: '/home/cacawatin/code/blender/chupacabras/previews/11_rigs_contacto_frames/0075.png'
00:12.077  render           | Saved: '/home/cacawatin/code/blender/chupacabras/previews/11_rigs_contacto_frames/0076.png'
00:12.234  render           | Saved: '/home/cacawatin/code/blender/chupacabras/previews/11_rigs_contacto_frames/0077.png'
00:12.410  render           | Saved: '/home/cacawatin/code/blender/chupacabras/previews/11_rigs_contacto_frames/0078.png'
00:12.570  render           | Saved: '/home/cacawatin/code/blender/chupacabras/previews/11_rigs_contacto_frames/0079.png'
00:12.716  render           | Saved: '/home/cacawatin/code/blender/chupacabras/previews/11_rigs_contacto_frames/0080.png'
00:12.867  render           | Saved: '/home/cacawatin/code/blender/chupacabras/previews/11_rigs_contacto_frames/0081.png'
00:13.009  render           | Saved: '/home/cacawatin/code/blender/chupacabras/previews/11_rigs_contacto_frames/0082.png'
00:13.158  render           | Saved: '/home/cacawatin/code/blender/chupacabras/previews/11_rigs_contacto_frames/0083.png'
00:13.313  render           | Saved: '/home/cacawatin/code/blender/chupacabras/previews/11_rigs_contacto_frames/0084.png'
00:13.468  render           | Saved: '/home/cacawatin/code/blender/chupacabras/previews/11_rigs_contacto_frames/0085.png'
00:13.623  render           | Saved: '/home/cacawatin/code/blender/chupacabras/previews/11_rigs_contacto_frames/0086.png'
00:13.775  render           | Saved: '/home/cacawatin/code/blender/chupacabras/previews/11_rigs_contacto_frames/0087.png'
00:13.924  render           | Saved: '/home/cacawatin/code/blender/chupacabras/previews/11_rigs_contacto_frames/0088.png'
00:14.087  render           | Saved: '/home/cacawatin/code/blender/chupacabras/previews/11_rigs_contacto_frames/0089.png'
00:14.232  render           | Saved: '/home/cacawatin/code/blender/chupacabras/previews/11_rigs_contacto_frames/0090.png'
RIG_PREVIEW_FRAMES 90
Blender 5.2.2 LTS (hash d13f752e3b9c built 2026-09-22 17:10:25)

Blender quit
