00:00.448  blend            | Read blend: "/home/cacawatin/code/blender/chupacabras/scenes/11_rigs_contacto_r02.blend"
00:00.921  render           | Saved: '/home/cacawatin/code/blender/chupacabras/previews/11_rigs_contacto_r02_frames/0001.png'
00:01.080  render           | Saved: '/home/cacawatin/code/blender/chupacabras/previews/11_rigs_contacto_r02_frames/0002.png'
00:01.248  render           | Saved: '/home/cacawatin/code/blender/chupacabras/previews/11_rigs_contacto_r02_frames/0003.png'
00:01.400  render           | Saved: '/home/cacawatin/code/blender/chupacabras/previews/11_rigs_contacto_r02_frames/0004.png'
00:01.542  render           | Saved: '/home/cacawatin/code/blender/chupacabras/previews/11_rigs_contacto_r02_frames/0005.png'
00:01.686  render           | Saved: '/home/cacawatin/code/blender/chupacabras/previews/11_rigs_contacto_r02_frames/0006.png'
00:01.838  render           | Saved: '/home/cacawatin/code/blender/chupacabras/previews/11_rigs_contacto_r02_frames/0007.png'
00:01.985  render           | Saved: '/home/cacawatin/code/blender/chupacabras/previews/11_rigs_contacto_r02_frames/0008.png'
00:02.129  render           | Saved: '/home/cacawatin/code/blender/chupacabras/previews/11_rigs_contacto_r02_frames/0009.png'
00:02.283  render           | Saved: '/home/cacawatin/code/blender/chupacabras/previews/11_rigs_contacto_r02_frames/0010.png'
00:02.422  render           | Saved: '/home/cacawatin/code/blender/chupacabras/previews/11_rigs_contacto_r02_frames/0011.png'
00:02.584  render           | Saved: '/home/cacawatin/code/blender/chupacabras/previews/11_rigs_contacto_r02_frames/0012.png'
00:02.739  render           | Saved: '/home/cacawatin/code/blender/chupacabras/previews/11_rigs_contacto_r02_frames/0013.png'
00:02.895  render           | Saved: '/home/cacawatin/code/blender/chupacabras/previews/11_rigs_contacto_r02_frames/0014.png'
00:03.051  render           | Saved: '/home/cacawatin/code/blender/chupacabras/previews/11_rigs_contacto_r02_frames/0015.png'
00:03.224  render           | Saved: '/home/cacawatin/code/blender/chupacabras/previews/11_rigs_contacto_r02_frames/0016.png'
00:03.383  render           | Saved: '/home/cacawatin/code/blender/chupacabras/previews/11_rigs_contacto_r02_frames/0017.png'
00:03.535  render           | Saved: '/home/cacawatin/code/blender/chupacabras/previews/11_rigs_contacto_r02_frames/0018.png'
00:03.686  render           | Saved: '/home/cacawatin/code/blender/chupacabras/previews/11_rigs_contacto_r02_frames/0019.png'
00:03.850  render           | Saved: '/home/cacawatin/code/blender/chupacabras/previews/11_rigs_contacto_r02_frames/0020.png'
00:03.998  render           | Saved: '/home/cacawatin/code/blender/chupacabras/previews/11_rigs_contacto_r02_frames/0021.png'
00:04.159  render           | Saved: '/home/cacawatin/code/blender/chupacabras/previews/11_rigs_contacto_r02_frames/0022.png'
00:04.316  render           | Saved: '/home/cacawatin/code/blender/chupacabras/previews/11_rigs_contacto_r02_frames/0023.png'
00:04.469  render           | Saved: '/home/cacawatin/code/blender/chupacabras/previews/11_rigs_contacto_r02_frames/0024.png'
00:04.620  render           | Saved: '/home/cacawatin/code/blender/chupacabras/previews/11_rigs_contacto_r02_frames/0025.png'
00:04.781  render           | Saved: '/home/cacawatin/code/blender/chupacabras/previews/11_rigs_contacto_r02_frames/0026.png'
00:04.933  render           | Saved: '/home/cacawatin/code/blender/chupacabras/previews/11_rigs_contacto_r02_frames/0027.png'
00:05.088  render           | Saved: '/home/cacawatin/code/blender/chupacabras/previews/11_rigs_contacto_r02_frames/0028.png'
00:05.233  render           | Saved: '/home/cacawatin/code/blender/chupacabras/previews/11_rigs_contacto_r02_frames/0029.png'
00:05.383  render           | Saved: '/home/cacawatin/code/blender/chupacabras/previews/11_rigs_contacto_r02_frames/0030.png'
00:05.535  render           | Saved: '/home/cacawatin/code/blender/chupacabras/previews/11_rigs_contacto_r02_frames/0031.png'
00:05.688  render           | Saved: '/home/cacawatin/code/blender/chupacabras/previews/11_rigs_contacto_r02_frames/0032.png'
00:05.848  render           | Saved: '/home/cacawatin/code/blender/chupacabras/previews/11_rigs_contacto_r02_frames/0033.png'
00:05.994  render           | Saved: '/home/cacawatin/code/blender/chupacabras/previews/11_rigs_contacto_r02_frames/0034.png'
00:06.152  render           | Saved: '/home/cacawatin/code/blender/chupacabras/previews/11_rigs_contacto_r02_frames/0035.png'
00:06.305  render           | Saved: '/home/cacawatin/code/blender/chupacabras/previews/11_rigs_contacto_r02_frames/0036.png'
00:06.481  render           | Saved: '/home/cacawatin/code/blender/chupacabras/previews/11_rigs_contacto_r02_frames/0037.png'
00:06.636  render           | Saved: '/home/cacawatin/code/blender/chupacabras/previews/11_rigs_contacto_r02_frames/0038.png'
00:06.817  render           | Saved: '/home/cacawatin/code/blender/chupacabras/previews/11_rigs_contacto_r02_frames/0039.png'
00:06.972  render           | Saved: '/home/cacawatin/code/blender/chupacabras/previews/11_rigs_contacto_r02_frames/0040.png'
00:07.139  render           | Saved: '/home/cacawatin/code/blender/chupacabras/previews/11_rigs_contacto_r02_frames/0041.png'
00:07.303  render           | Saved: '/home/cacawatin/code/blender/chupacabras/previews/11_rigs_contacto_r02_frames/0042.png'
00:07.474  render           | Saved: '/home/cacawatin/code/blender/chupacabras/previews/11_rigs_contacto_r02_frames/0043.png'
00:07.631  render           | Saved: '/home/cacawatin/code/blender/chupacabras/previews/11_rigs_contacto_r02_frames/0044.png'
00:07.791  render           | Saved: '/home/cacawatin/code/blender/chupacabras/previews/11_rigs_contacto_r02_frames/0045.png'
00:07.955  render           | Saved: '/home/cacawatin/code/blender/chupacabras/previews/11_rigs_contacto_r02_frames/0046.png'
00:08.121  render           | Saved: '/home/cacawatin/code/blender/chupacabras/previews/11_rigs_contacto_r02_frames/0047.png'
00:08.272  render           | Saved: '/home/cacawatin/code/blender/chupacabras/previews/11_rigs_contacto_r02_frames/0048.png'
00:08.431  render           | Saved: '/home/cacawatin/code/blender/chupacabras/previews/11_rigs_contacto_r02_frames/0049.png'
00:08.572  render           | Saved: '/home/cacawatin/code/blender/chupacabras/previews/11_rigs_contacto_r02_frames/0050.png'
00:08.725  render           | Saved: '/home/cacawatin/code/blender/chupacabras/previews/11_rigs_contacto_r02_frames/0051.png'
00:08.886  render           | Saved: '/home/cacawatin/code/blender/chupacabras/previews/11_rigs_contacto_r02_frames/0052.png'
00:09.045  render           | Saved: '/home/cacawatin/code/blender/chupacabras/previews/11_rigs_contacto_r02_frames/0053.png'
00:09.203  render           | Saved: '/home/cacawatin/code/blender/chupacabras/previews/11_rigs_contacto_r02_frames/0054.png'
00:09.366  render           | Saved: '/home/cacawatin/code/blender/chupacabras/previews/11_rigs_contacto_r02_frames/0055.png'
00:09.507  render           | Saved: '/home/cacawatin/code/blender/chupacabras/previews/11_rigs_contacto_r02_frames/0056.png'
00:09.696  render           | Saved: '/home/cacawatin/code/blender/chupacabras/previews/11_rigs_contacto_r02_frames/0057.png'
00:09.848  render           | Saved: '/home/cacawatin/code/blender/chupacabras/previews/11_rigs_contacto_r02_frames/0058.png'
00:09.993  render           | Saved: '/home/cacawatin/code/blender/chupacabras/previews/11_rigs_contacto_r02_frames/0059.png'
00:10.137  render           | Saved: '/home/cacawatin/code/blender/chupacabras/previews/11_rigs_contacto_r02_frames/0060.png'
00:10.297  render           | Saved: '/home/cacawatin/code/blender/chupacabras/previews/11_rigs_contacto_r02_frames/0061.png'
00:10.456  render           | Saved: '/home/cacawatin/code/blender/chupacabras/previews/11_rigs_contacto_r02_frames/0062.png'
00:10.608  render           | Saved: '/home/cacawatin/code/blender/chupacabras/previews/11_rigs_contacto_r02_frames/0063.png'
00:10.758  render           | Saved: '/home/cacawatin/code/blender/chupacabras/previews/11_rigs_contacto_r02_frames/0064.png'
00:10.911  render           | Saved: '/home/cacawatin/code/blender/chupacabras/previews/11_rigs_contacto_r02_frames/0065.png'
00:11.065  render           | Saved: '/home/cacawatin/code/blender/chupacabras/previews/11_rigs_contacto_r02_frames/0066.png'
00:11.211  render           | Saved: '/home/cacawatin/code/blender/chupacabras/previews/11_rigs_contacto_r02_frames/0067.png'
00:11.363  render           | Saved: '/home/cacawatin/code/blender/chupacabras/previews/11_rigs_contacto_r02_frames/0068.png'
00:11.507  render           | Saved: '/home/cacawatin/code/blender/chupacabras/previews/11_rigs_contacto_r02_frames/0069.png'
00:11.662  render           | Saved: '/home/cacawatin/code/blender/chupacabras/previews/11_rigs_contacto_r02_frames/0070.png'
00:11.796  render           | Saved: '/home/cacawatin/code/blender/chupacabras/previews/11_rigs_contacto_r02_frames/0071.png'
00:11.938  render           | Saved: '/home/cacawatin/code/blender/chupacabras/previews/11_rigs_contacto_r02_frames/0072.png'
00:12.094  render           | Saved: '/home/cacawatin/code/blender/chupacabras/previews/11_rigs_contacto_r02_frames/0073.png'
00:12.238  render           | Saved: '/home/cacawatin/code/blender/chupacabras/previews/11_rigs_contacto_r02_frames/0074.png'
00:12.382  render           | Saved: '/home/cacawatin/code/blender/chupacabras/previews/11_rigs_contacto_r02_frames/0075.png'
00:12.536  render           | Saved: '/home/cacawatin/code/blender/chupacabras/previews/11_rigs_contacto_r02_frames/0076.png'
00:12.689  render           | Saved: '/home/cacawatin/code/blender/chupacabras/previews/11_rigs_contacto_r02_frames/0077.png'
00:12.844  render           | Saved: '/home/cacawatin/code/blender/chupacabras/previews/11_rigs_contacto_r02_frames/0078.png'
00:12.997  render           | Saved: '/home/cacawatin/code/blender/chupacabras/previews/11_rigs_contacto_r02_frames/0079.png'
00:13.152  render           | Saved: '/home/cacawatin/code/blender/chupacabras/previews/11_rigs_contacto_r02_frames/0080.png'
00:13.298  render           | Saved: '/home/cacawatin/code/blender/chupacabras/previews/11_rigs_contacto_r02_frames/0081.png'
00:13.448  render           | Saved: '/home/cacawatin/code/blender/chupacabras/previews/11_rigs_contacto_r02_frames/0082.png'
00:13.598  render           | Saved: '/home/cacawatin/code/blender/chupacabras/previews/11_rigs_contacto_r02_frames/0083.png'
00:13.750  render           | Saved: '/home/cacawatin/code/blender/chupacabras/previews/11_rigs_contacto_r02_frames/0084.png'
00:13.898  render           | Saved: '/home/cacawatin/code/blender/chupacabras/previews/11_rigs_contacto_r02_frames/0085.png'
00:14.044  render           | Saved: '/home/cacawatin/code/blender/chupacabras/previews/11_rigs_contacto_r02_frames/0086.png'
00:14.178  render           | Saved: '/home/cacawatin/code/blender/chupacabras/previews/11_rigs_contacto_r02_frames/0087.png'
00:14.333  render           | Saved: '/home/cacawatin/code/blender/chupacabras/previews/11_rigs_contacto_r02_frames/0088.png'
00:14.471  render           | Saved: '/home/cacawatin/code/blender/chupacabras/previews/11_rigs_contacto_r02_frames/0089.png'
00:14.616  render           | Saved: '/home/cacawatin/code/blender/chupacabras/previews/11_rigs_contacto_r02_frames/0090.png'
RIG_PREVIEW_FRAMES 90
Blender 5.2.2 LTS (hash d13f752e3b9c built 2026-09-22 17:10:25)

Blender quit
