00:00.560  blend            | Read blend: "/home/cacawatin/code/blender/chupacabras/assets/oveja/original/Farm Animals by @Quaternius/Blends/Sheep.blend"
00:00.565  blend.doversion  | WARNING Region type 4 missing in space type "Info" (id: 7) - removing region
{
  "objects": [
    {
      "name": "Armature",
      "type": "ARMATURE",
      "location": [
        0.0,
        0.0,
        0.0
      ],
      "scale": [
        1.0,
        1.0,
        1.0
      ],
      "rotation": [
        0.0,
        0.0,
        0.0
      ],
      "parent": null,
      "bones": [
        {
          "name": "root",
          "head": [
            0.0,
            0.0,
            0.0
          ],
          "tail": [
            0.0,
            0.0,
            0.6999999284744263
          ],
          "deform": true
        },
        {
          "name": "FrontFoot.R",
          "head": [
            -0.9117709994316101,
            -1.1625418663024902,
            0.10000348091125488
          ],
          "tail": [
            -0.9117709994316101,
            -2.1625418663024902,
            0.10000348091125488
          ],
          "deform": true
        },
        {
          "name": "Body",
          "head": [
            0.005377650260925293,
            0.01735416054725647,
            2.3020823001861572
          ],
          "tail": [
            0.005377650260925293,
            0.01735416054725647,
            3.3020823001861572
          ],
          "deform": true
        },
        {
          "name": "FrontLeg.R",
          "head": [
            -0.319303035736084,
            -1.0912587642669678,
            2.375598907470703
          ],
          "tail": [
            -0.9218613505363464,
            -1.0912585258483887,
            2.375598907470703
          ],
          "deform": true
        },
        {
          "name": "FrontUpLeg.R",
          "head": [
            -0.9218613505363464,
            -1.0912585258483887,
            2.375598907470703
          ],
          "tail": [
            -0.9218613505363464,
            -1.3347885608673096,
            1.1670295000076294
          ],
          "deform": true
        },
        {
          "name": "FrontLowLeg.R",
          "head": [
            -0.9218613505363464,
            -1.3347885608673096,
            1.1670295000076294
          ],
          "tail": [
            -0.9218613505363464,
            -1.1757886409759521,
            0.10000443458557129
          ],
          "deform": true
        },
        {
          "name": "BackLeg.R",
          "head": [
            -0.319303035736084,
            1.2262955904006958,
            2.375598907470703
          ],
          "tail": [
            -0.7888859510421753,
            1.226296067237854,
            2.375598907470703
          ],
          "deform": true
        },
        {
          "name": "BackUpLeg.R",
          "head": [
            -0.7888859510421753,
            1.226296067237854,
            2.375598907470703
          ],
          "tail": [
            -0.7888859510421753,
            1.8620799779891968,
            1.4933847188949585
          ],
          "deform": true
        },
        {
          "name": "BackLowLeg.R",
          "head": [
            -0.7888859510421753,
            1.8620799779891968,
            1.4933847188949585
          ],
          "tail": [
            -0.7888859510421753,
            1.6218878030776978,
            0.10000443458557129
          ],
          "deform": true
        },
        {
          "name": "FrontLeg.L",
          "head": [
            0.2684258222579956,
            -1.0912587642669678,
            2.375598907470703
          ],
          "tail": [
            0.8709843158721924,
            -1.0912585258483887,
            2.375598907470703
          ],
          "deform": true
        },
        {
          "name": "FrontUpLeg.L",
          "head": [
            0.8709843158721924,
            -1.0912585258483887,
            2.375598907470703
          ],
          "tail": [
            0.8709843158721924,
            -1.3347885608673096,
            1.1670295000076294
          ],
          "deform": true
        },
        {
          "name": "FrontLowLeg.L",
          "head": [
            0.8709843158721924,
            -1.3347885608673096,
            1.1670295000076294
          ],
          "tail": [
            0.8709843158721924,
            -1.1757886409759521,
            0.10000443458557129
          ],
          "deform": true
        },
        {
          "name": "BackLeg.L",
          "head": [
            0.2684258222579956,
            1.2262955904006958,
            2.375598907470703
          ],
          "tail": [
            0.7380089163780212,
            1.226296067237854,
            2.375598907470703
          ],
          "deform": true
        },
        {
          "name": "BackUpLeg.L",
          "head": [
            0.7380089163780212,
            1.226296067237854,
            2.375598907470703
          ],
          "tail": [
            0.7380089163780212,
            1.8620799779891968,
            1.4933847188949585
          ],
          "deform": true
        },
        {
          "name": "BackLowLeg.L",
          "head": [
            0.7380089163780212,
            1.8620799779891968,
            1.4933847188949585
          ],
          "tail": [
            0.7380089163780212,
            1.6218878030776978,
            0.10000443458557129
          ],
          "deform": true
        },
        {
          "name": "Back",
          "head": [
            -0.026905059814453125,
            2.050443649291992,
            2.803297996520996
          ],
          "tail": [
            -0.026905059814453125,
            1.1223663091659546,
            3.085712194442749
          ],
          "deform": true
        },
        {
          "name": "Shoulders",
          "head": [
            -0.06357280164957047,
            -1.014697790145874,
            2.6117959022521973
          ],
          "tail": [
            -0.03160925954580307,
            -1.7521076202392578,
            3.285872220993042
          ],
          "deform": true
        },
        {
          "name": "Neck",
          "head": [
            -0.03160925954580307,
            -1.7521076202392578,
            3.285872220993042
          ],
          "tail": [
            -0.03160925954580307,
            -2.355161428451538,
            4.043772220611572
          ],
          "deform": true
        },
        {
          "name": "Head",
          "head": [
            -0.03160925954580307,
            -2.355161428451538,
            4.043772220611572
          ],
          "tail": [
            -0.03371328115463257,
            -3.4493868350982666,
            3.3332717418670654
          ],
          "deform": true
        },
        {
          "name": "Hips",
          "head": [
            -0.026905059814453125,
            1.1223663091659546,
            3.085712194442749
          ],
          "tail": [
            -0.026905059814453125,
            -0.343879371881485,
            3.033541440963745
          ],
          "deform": true
        },
        {
          "name": "Torso",
          "head": [
            -0.026905059814453125,
            -0.343879371881485,
            3.033541440963745
          ],
          "tail": [
            -0.06827700138092041,
            -1.4971988201141357,
            3.1433515548706055
          ],
          "deform": true
        },
        {
          "name": "BackFoot.R",
          "head": [
            -0.8358625173568726,
            1.6351343393325806,
            0.10000348091125488
          ],
          "tail": [
            -0.8358625173568726,
            0.9605973958969116,
            0.10000348091125488
          ],
          "deform": true
        },
        {
          "name": "FrontFoot.L",
          "head": [
            0.8608940243721008,
            -1.1625418663024902,
            0.10000348091125488
          ],
          "tail": [
            0.8608940243721008,
            -2.1625418663024902,
            0.10000348091125488
          ],
          "deform": true
        },
        {
          "name": "BackFoot.L",
          "head": [
            0.7849856615066528,
            1.6351343393325806,
            0.10000348091125488
          ],
          "tail": [
            0.7849856615066528,
            0.9605973958969116,
            0.10000348091125488
          ],
          "deform": true
        }
      ],
      "action": "Idle"
    },
    {
      "name": "Sheep",
      "type": "MESH",
      "location": [
        0.0,
        0.0,
        0.0
      ],
      "scale": [
        0.654586136341095,
        0.654586136341095,
        0.654586136341095
      ],
      "rotation": [
        -1.5707963705062866,
        -2.220446313948109e-16,
        2.220446313948109e-16
      ],
      "parent": "Armature",
      "vertices": 307,
      "triangles": 612,
      "materials": [
        "White",
        "Black"
      ],
      "modifiers": [
        [
          "Armature",
          "ARMATURE"
        ]
      ],
      "groups": [
        "root",
        "FrontFoot.R",
        "Body",
        "FrontLeg.R",
        "FrontUpLeg.R",
        "FrontLowLeg.R",
        "BackLeg.R",
        "BackUpLeg.R",
        "BackLowLeg.R",
        "FrontLeg.L",
        "FrontUpLeg.L",
        "FrontLowLeg.L",
        "BackLeg.L",
        "BackUpLeg.L",
        "BackLowLeg.L",
        "Back",
        "Shoulders",
        "Neck",
        "Head",
        "Hips",
        "Torso",
        "BackFoot.R",
        "FrontFoot.L",
        "BackFoot.L"
      ],
      "bounds": [
        [
          -1.112493872642517,
          -3.5106606483459473,
          -0.015032844617962837
        ],
        [
          1.1125432252883911,
          2.4087424278259277,
          4.349553108215332
        ]
      ]
    }
  ],
  "actions": [
    {
      "name": "Death",
      "range": [
        0.0,
        26.0
      ]
    },
    {
      "name": "Idle",
      "range": [
        0.0,
        150.0
      ]
    },
    {
      "name": "Jump",
      "range": [
        0.0,
        27.0
      ]
    },
    {
      "name": "Run",
      "range": [
        0.0,
        20.0
      ]
    },
    {
      "name": "Walk",
      "range": [
        0.0,
        64.0
      ]
    },
    {
      "name": "WalkSlow",
      "range": [
        0.0,
        48.0
      ]
    }
  ]
}
Blender 5.2.2 LTS (hash d13f752e3b9c built 2026-09-22 17:10:25)

Blender quit
