00:00.438  blend            | Read blend: "/home/cacawatin/code/blender/chupacabras/scenes/11_rigs_contacto_demacrado_r01.blend"
00:01.002  render           | Saved: '/home/cacawatin/code/blender/chupacabras/previews/11_rigs_contacto_demacrado_r01_frames/0001.png'
00:01.170  render           | Saved: '/home/cacawatin/code/blender/chupacabras/previews/11_rigs_contacto_demacrado_r01_frames/0002.png'
00:01.309  render           | Saved: '/home/cacawatin/code/blender/chupacabras/previews/11_rigs_contacto_demacrado_r01_frames/0003.png'
00:01.448  render           | Saved: '/home/cacawatin/code/blender/chupacabras/previews/11_rigs_contacto_demacrado_r01_frames/0004.png'
00:01.598  render           | Saved: '/home/cacawatin/code/blender/chupacabras/previews/11_rigs_contacto_demacrado_r01_frames/0005.png'
00:01.744  render           | Saved: '/home/cacawatin/code/blender/chupacabras/previews/11_rigs_contacto_demacrado_r01_frames/0006.png'
00:01.882  render           | Saved: '/home/cacawatin/code/blender/chupacabras/previews/11_rigs_contacto_demacrado_r01_frames/0007.png'
00:02.031  render           | Saved: '/home/cacawatin/code/blender/chupacabras/previews/11_rigs_contacto_demacrado_r01_frames/0008.png'
00:02.178  render           | Saved: '/home/cacawatin/code/blender/chupacabras/previews/11_rigs_contacto_demacrado_r01_frames/0009.png'
00:02.314  render           | Saved: '/home/cacawatin/code/blender/chupacabras/previews/11_rigs_contacto_demacrado_r01_frames/0010.png'
00:02.447  render           | Saved: '/home/cacawatin/code/blender/chupacabras/previews/11_rigs_contacto_demacrado_r01_frames/0011.png'
00:02.585  render           | Saved: '/home/cacawatin/code/blender/chupacabras/previews/11_rigs_contacto_demacrado_r01_frames/0012.png'
00:02.729  render           | Saved: '/home/cacawatin/code/blender/chupacabras/previews/11_rigs_contacto_demacrado_r01_frames/0013.png'
00:02.867  render           | Saved: '/home/cacawatin/code/blender/chupacabras/previews/11_rigs_contacto_demacrado_r01_frames/0014.png'
00:03.010  render           | Saved: '/home/cacawatin/code/blender/chupacabras/previews/11_rigs_contacto_demacrado_r01_frames/0015.png'
00:03.160  render           | Saved: '/home/cacawatin/code/blender/chupacabras/previews/11_rigs_contacto_demacrado_r01_frames/0016.png'
00:03.295  render           | Saved: '/home/cacawatin/code/blender/chupacabras/previews/11_rigs_contacto_demacrado_r01_frames/0017.png'
00:03.426  render           | Saved: '/home/cacawatin/code/blender/chupacabras/previews/11_rigs_contacto_demacrado_r01_frames/0018.png'
00:03.559  render           | Saved: '/home/cacawatin/code/blender/chupacabras/previews/11_rigs_contacto_demacrado_r01_frames/0019.png'
00:03.694  render           | Saved: '/home/cacawatin/code/blender/chupacabras/previews/11_rigs_contacto_demacrado_r01_frames/0020.png'
00:03.830  render           | Saved: '/home/cacawatin/code/blender/chupacabras/previews/11_rigs_contacto_demacrado_r01_frames/0021.png'
00:03.966  render           | Saved: '/home/cacawatin/code/blender/chupacabras/previews/11_rigs_contacto_demacrado_r01_frames/0022.png'
00:04.112  render           | Saved: '/home/cacawatin/code/blender/chupacabras/previews/11_rigs_contacto_demacrado_r01_frames/0023.png'
00:04.254  render           | Saved: '/home/cacawatin/code/blender/chupacabras/previews/11_rigs_contacto_demacrado_r01_frames/0024.png'
00:04.393  render           | Saved: '/home/cacawatin/code/blender/chupacabras/previews/11_rigs_contacto_demacrado_r01_frames/0025.png'
00:04.529  render           | Saved: '/home/cacawatin/code/blender/chupacabras/previews/11_rigs_contacto_demacrado_r01_frames/0026.png'
00:04.661  render           | Saved: '/home/cacawatin/code/blender/chupacabras/previews/11_rigs_contacto_demacrado_r01_frames/0027.png'
00:04.796  render           | Saved: '/home/cacawatin/code/blender/chupacabras/previews/11_rigs_contacto_demacrado_r01_frames/0028.png'
00:04.930  render           | Saved: '/home/cacawatin/code/blender/chupacabras/previews/11_rigs_contacto_demacrado_r01_frames/0029.png'
00:05.074  render           | Saved: '/home/cacawatin/code/blender/chupacabras/previews/11_rigs_contacto_demacrado_r01_frames/0030.png'
00:05.213  render           | Saved: '/home/cacawatin/code/blender/chupacabras/previews/11_rigs_contacto_demacrado_r01_frames/0031.png'
00:05.344  render           | Saved: '/home/cacawatin/code/blender/chupacabras/previews/11_rigs_contacto_demacrado_r01_frames/0032.png'
00:05.476  render           | Saved: '/home/cacawatin/code/blender/chupacabras/previews/11_rigs_contacto_demacrado_r01_frames/0033.png'
00:05.612  render           | Saved: '/home/cacawatin/code/blender/chupacabras/previews/11_rigs_contacto_demacrado_r01_frames/0034.png'
00:05.745  render           | Saved: '/home/cacawatin/code/blender/chupacabras/previews/11_rigs_contacto_demacrado_r01_frames/0035.png'
00:05.879  render           | Saved: '/home/cacawatin/code/blender/chupacabras/previews/11_rigs_contacto_demacrado_r01_frames/0036.png'
00:06.012  render           | Saved: '/home/cacawatin/code/blender/chupacabras/previews/11_rigs_contacto_demacrado_r01_frames/0037.png'
00:06.159  render           | Saved: '/home/cacawatin/code/blender/chupacabras/previews/11_rigs_contacto_demacrado_r01_frames/0038.png'
00:06.289  render           | Saved: '/home/cacawatin/code/blender/chupacabras/previews/11_rigs_contacto_demacrado_r01_frames/0039.png'
00:06.419  render           | Saved: '/home/cacawatin/code/blender/chupacabras/previews/11_rigs_contacto_demacrado_r01_frames/0040.png'
00:06.551  render           | Saved: '/home/cacawatin/code/blender/chupacabras/previews/11_rigs_contacto_demacrado_r01_frames/0041.png'
00:06.677  render           | Saved: '/home/cacawatin/code/blender/chupacabras/previews/11_rigs_contacto_demacrado_r01_frames/0042.png'
00:06.810  render           | Saved: '/home/cacawatin/code/blender/chupacabras/previews/11_rigs_contacto_demacrado_r01_frames/0043.png'
00:06.943  render           | Saved: '/home/cacawatin/code/blender/chupacabras/previews/11_rigs_contacto_demacrado_r01_frames/0044.png'
00:07.087  render           | Saved: '/home/cacawatin/code/blender/chupacabras/previews/11_rigs_contacto_demacrado_r01_frames/0045.png'
00:07.228  render           | Saved: '/home/cacawatin/code/blender/chupacabras/previews/11_rigs_contacto_demacrado_r01_frames/0046.png'
00:07.358  render           | Saved: '/home/cacawatin/code/blender/chupacabras/previews/11_rigs_contacto_demacrado_r01_frames/0047.png'
00:07.490  render           | Saved: '/home/cacawatin/code/blender/chupacabras/previews/11_rigs_contacto_demacrado_r01_frames/0048.png'
00:07.620  render           | Saved: '/home/cacawatin/code/blender/chupacabras/previews/11_rigs_contacto_demacrado_r01_frames/0049.png'
00:07.755  render           | Saved: '/home/cacawatin/code/blender/chupacabras/previews/11_rigs_contacto_demacrado_r01_frames/0050.png'
00:07.885  render           | Saved: '/home/cacawatin/code/blender/chupacabras/previews/11_rigs_contacto_demacrado_r01_frames/0051.png'
00:08.013  render           | Saved: '/home/cacawatin/code/blender/chupacabras/previews/11_rigs_contacto_demacrado_r01_frames/0052.png'
00:08.161  render           | Saved: '/home/cacawatin/code/blender/chupacabras/previews/11_rigs_contacto_demacrado_r01_frames/0053.png'
00:08.295  render           | Saved: '/home/cacawatin/code/blender/chupacabras/previews/11_rigs_contacto_demacrado_r01_frames/0054.png'
00:08.427  render           | Saved: '/home/cacawatin/code/blender/chupacabras/previews/11_rigs_contacto_demacrado_r01_frames/0055.png'
00:08.559  render           | Saved: '/home/cacawatin/code/blender/chupacabras/previews/11_rigs_contacto_demacrado_r01_frames/0056.png'
00:08.696  render           | Saved: '/home/cacawatin/code/blender/chupacabras/previews/11_rigs_contacto_demacrado_r01_frames/0057.png'
00:08.832  render           | Saved: '/home/cacawatin/code/blender/chupacabras/previews/11_rigs_contacto_demacrado_r01_frames/0058.png'
00:08.965  render           | Saved: '/home/cacawatin/code/blender/chupacabras/previews/11_rigs_contacto_demacrado_r01_frames/0059.png'
00:09.113  render           | Saved: '/home/cacawatin/code/blender/chupacabras/previews/11_rigs_contacto_demacrado_r01_frames/0060.png'
00:09.260  render           | Saved: '/home/cacawatin/code/blender/chupacabras/previews/11_rigs_contacto_demacrado_r01_frames/0061.png'
00:09.391  render           | Saved: '/home/cacawatin/code/blender/chupacabras/previews/11_rigs_contacto_demacrado_r01_frames/0062.png'
00:09.522  render           | Saved: '/home/cacawatin/code/blender/chupacabras/previews/11_rigs_contacto_demacrado_r01_frames/0063.png'
00:09.654  render           | Saved: '/home/cacawatin/code/blender/chupacabras/previews/11_rigs_contacto_demacrado_r01_frames/0064.png'
00:09.783  render           | Saved: '/home/cacawatin/code/blender/chupacabras/previews/11_rigs_contacto_demacrado_r01_frames/0065.png'
00:09.913  render           | Saved: '/home/cacawatin/code/blender/chupacabras/previews/11_rigs_contacto_demacrado_r01_frames/0066.png'
00:10.060  render           | Saved: '/home/cacawatin/code/blender/chupacabras/previews/11_rigs_contacto_demacrado_r01_frames/0067.png'
00:10.206  render           | Saved: '/home/cacawatin/code/blender/chupacabras/previews/11_rigs_contacto_demacrado_r01_frames/0068.png'
00:10.338  render           | Saved: '/home/cacawatin/code/blender/chupacabras/previews/11_rigs_contacto_demacrado_r01_frames/0069.png'
00:10.470  render           | Saved: '/home/cacawatin/code/blender/chupacabras/previews/11_rigs_contacto_demacrado_r01_frames/0070.png'
00:10.603  render           | Saved: '/home/cacawatin/code/blender/chupacabras/previews/11_rigs_contacto_demacrado_r01_frames/0071.png'
00:10.735  render           | Saved: '/home/cacawatin/code/blender/chupacabras/previews/11_rigs_contacto_demacrado_r01_frames/0072.png'
00:10.869  render           | Saved: '/home/cacawatin/code/blender/chupacabras/previews/11_rigs_contacto_demacrado_r01_frames/0073.png'
00:11.003  render           | Saved: '/home/cacawatin/code/blender/chupacabras/previews/11_rigs_contacto_demacrado_r01_frames/0074.png'
00:11.145  render           | Saved: '/home/cacawatin/code/blender/chupacabras/previews/11_rigs_contacto_demacrado_r01_frames/0075.png'
00:11.284  render           | Saved: '/home/cacawatin/code/blender/chupacabras/previews/11_rigs_contacto_demacrado_r01_frames/0076.png'
00:11.414  render           | Saved: '/home/cacawatin/code/blender/chupacabras/previews/11_rigs_contacto_demacrado_r01_frames/0077.png'
00:11.549  render           | Saved: '/home/cacawatin/code/blender/chupacabras/previews/11_rigs_contacto_demacrado_r01_frames/0078.png'
00:11.684  render           | Saved: '/home/cacawatin/code/blender/chupacabras/previews/11_rigs_contacto_demacrado_r01_frames/0079.png'
00:11.828  render           | Saved: '/home/cacawatin/code/blender/chupacabras/previews/11_rigs_contacto_demacrado_r01_frames/0080.png'
00:11.983  render           | Saved: '/home/cacawatin/code/blender/chupacabras/previews/11_rigs_contacto_demacrado_r01_frames/0081.png'
00:12.147  render           | Saved: '/home/cacawatin/code/blender/chupacabras/previews/11_rigs_contacto_demacrado_r01_frames/0082.png'
00:12.299  render           | Saved: '/home/cacawatin/code/blender/chupacabras/previews/11_rigs_contacto_demacrado_r01_frames/0083.png'
00:12.447  render           | Saved: '/home/cacawatin/code/blender/chupacabras/previews/11_rigs_contacto_demacrado_r01_frames/0084.png'
00:12.592  render           | Saved: '/home/cacawatin/code/blender/chupacabras/previews/11_rigs_contacto_demacrado_r01_frames/0085.png'
00:12.737  render           | Saved: '/home/cacawatin/code/blender/chupacabras/previews/11_rigs_contacto_demacrado_r01_frames/0086.png'
00:12.885  render           | Saved: '/home/cacawatin/code/blender/chupacabras/previews/11_rigs_contacto_demacrado_r01_frames/0087.png'
00:13.029  render           | Saved: '/home/cacawatin/code/blender/chupacabras/previews/11_rigs_contacto_demacrado_r01_frames/0088.png'
00:13.188  render           | Saved: '/home/cacawatin/code/blender/chupacabras/previews/11_rigs_contacto_demacrado_r01_frames/0089.png'
00:13.335  render           | Saved: '/home/cacawatin/code/blender/chupacabras/previews/11_rigs_contacto_demacrado_r01_frames/0090.png'
RIG_PREVIEW_FRAMES 90
Blender 5.2.2 LTS (hash d13f752e3b9c built 2026-09-22 17:10:25)

Blender quit
